// Vitest Snapshot v1, https://vitest.dev/guide/snapshot.html

exports[`Card component > renders Card 1`] = `
<div>
  <div
    class="_container_6bb5e3"
  >
    <div
      class="_topDiv_6bb5e3"
    >
      <img
        class="_myImg_6bb5e3"
      />
    </div>
    <div
      class="_botDiv_6bb5e3"
    >
      <div
        class="_titleDiv_6bb5e3"
      />
      <div
        class="_cartDiv_6bb5e3"
      >
        <div
          class="_priceDiv_6bb5e3"
        >
          $
        </div>
        <div
          class="_container_90803d"
        >
          <input
            class="_inputDiv_90803d"
            max="99"
            maxlength="1"
            min="0"
            type="number"
            value=""
          />
          <button
            class="_btnEle_90803d"
          >
            Add to Cart
          </button>
        </div>
      </div>
    </div>
  </div>
</div>
`;
